// Jest Snapshot v1, https://goo.gl/fbAQLP

exports[`Gist should match snapshot 1`] = `
<DocumentFragment>
  <div
    class="sc-gEvEer fIwWro"
  >
    <div
      class="sc-aXZVg diXFia"
    >
      <span
        class="mega-octicon octicon-inbox"
      />
      <p>
        No Gist Found
      </p>
    </div>
  </div>
</DocumentFragment>
`;
