// Jest Snapshot v1, https://goo.gl/fbAQLP

exports[`Gist should match snapshot 1`] = `
<DocumentFragment>
  <div
    class="sc-aXZVg ffrDUp"
  >
    <div
      class="sc-gEvEer knwpzd"
    />
    <div
      class="sc-gEvEer knwpzd"
    />
    <div
      class="sc-gEvEer knwpzd"
    />
    <div
      class="sc-gEvEer knwpzd"
    />
  </div>
</DocumentFragment>
`;
